Release 14.7 - xst P.20131013 (lin64)
Copyright (c) 1995-2013 Xilinx, Inc.  All rights reserved.
--> 
Parameter TMPDIR set to xst/projnav.tmp


Total REAL time to Xst completion: 0.00 secs
Total CPU time to Xst completion: 0.00 secs
 
--> 
Parameter xsthdpdir set to xst


Total REAL time to Xst completion: 0.00 secs
Total CPU time to Xst completion: 0.00 secs
 
--> 
Reading design: ALU.prj

TABLE OF CONTENTS
  1) Synthesis Options Summary
  2) HDL Parsing
  3) HDL Elaboration
  4) HDL Synthesis
       4.1) HDL Synthesis Report
  5) Advanced HDL Synthesis
       5.1) Advanced HDL Synthesis Report
  6) Low Level Synthesis
  7) Partition Report
  8) Design Summary
       8.1) Primitive and Black Box Usage
       8.2) Device utilization summary
       8.3) Partition Resource Summary
       8.4) Timing Report
            8.4.1) Clock Information
            8.4.2) Asynchronous Control Signals Information
            8.4.3) Timing Summary
            8.4.4) Timing Details
            8.4.5) Cross Clock Domains Report


=========================================================================
*                      Synthesis Options Summary                        *
=========================================================================
---- Source Parameters
Input File Name                    : "ALU.prj"
Ignore Synthesis Constraint File   : NO

---- Target Parameters
Output File Name                   : "ALU"
Output Format                      : NGC
Target Device                      : xc7a100t-3-csg324

---- Source Options
Top Module Name                    : ALU
Automatic FSM Extraction           : YES
FSM Encoding Algorithm             : Auto
Safe Implementation                : No
FSM Style                          : LUT
RAM Extraction                     : Yes
RAM Style                          : Auto
ROM Extraction                     : Yes
Shift Register Extraction          : YES
ROM Style                          : Auto
Resource Sharing                   : YES
Asynchronous To Synchronous        : NO
Shift Register Minimum Size        : 2
Use DSP Block                      : Auto
Automatic Register Balancing       : No

---- Target Options
LUT Combining                      : Auto
Reduce Control Sets                : Auto
Add IO Buffers                     : YES
Global Maximum Fanout              : 100000
Add Generic Clock Buffer(BUFG)     : 32
Register Duplication               : YES
Optimize Instantiated Primitives   : NO
Use Clock Enable                   : Auto
Use Synchronous Set                : Auto
Use Synchronous Reset              : Auto
Pack IO Registers into IOBs        : Auto
Equivalent register Removal        : YES

---- General Options
Optimization Goal                  : Speed
Optimization Effort                : 1
Power Reduction                    : NO
Keep Hierarchy                     : No
Netlist Hierarchy                  : As_Optimized
RTL Output                         : Yes
Global Optimization                : AllClockNets
Read Cores                         : YES
Write Timing Constraints           : NO
Cross Clock Analysis               : NO
Hierarchy Separator                : /
Bus Delimiter                      : <>
Case Specifier                     : Maintain
Slice Utilization Ratio            : 100
BRAM Utilization Ratio             : 100
DSP48 Utilization Ratio            : 100
Auto BRAM Packing                  : NO
Slice Utilization Ratio Delta      : 5

=========================================================================


=========================================================================
*                          HDL Parsing                                  *
=========================================================================
Analyzing Verilog file "/home/ise/VLSI_LAB/ALUDesign/ALU.v" into library work
Parsing module <ALU>.

=========================================================================
*                            HDL Elaboration                            *
=========================================================================

Elaborating module <ALU>.

=========================================================================
*                           HDL Synthesis                               *
=========================================================================

Synthesizing Unit <ALU>.
    Related source file is "/home/ise/VLSI_LAB/ALUDesign/ALU.v".
        WIDTH = 8
    Found 8-bit subtractor for signal <A[7]_B[7]_sub_2_OUT> created at line 17.
    Found 9-bit adder for signal <n0023> created at line 16.
    Found 8-bit 8-to-1 multiplexer for signal <ALU_Out> created at line 15.
    Summary:
	inferred   2 Adder/Subtractor(s).
	inferred   2 Multiplexer(s).
Unit <ALU> synthesized.

=========================================================================
HDL Synthesis Report

Macro Statistics
# Adders/Subtractors                                   : 2
 8-bit subtractor                                      : 1
 9-bit adder                                           : 1
# Multiplexers                                         : 2
 1-bit 2-to-1 multiplexer                              : 1
 8-bit 8-to-1 multiplexer                              : 1
# Xors                                                 : 1
 8-bit xor2                                            : 1

=========================================================================

=========================================================================
*                       Advanced HDL Synthesis                          *
=========================================================================


=========================================================================
Advanced HDL Synthesis Report

Macro Statistics
# Adders/Subtractors                                   : 2
 8-bit subtractor                                      : 1
 9-bit adder                                           : 1
# Multiplexers                                         : 2
 1-bit 2-to-1 multiplexer                              : 1
 8-bit 8-to-1 multiplexer                              : 1
# Xors                                                 : 1
 8-bit xor2                                            : 1

=========================================================================

=========================================================================
*                         Low Level Synthesis                           *
=========================================================================

Optimizing unit <ALU> ...

Mapping all equations...
Building and optimizing final netlist ...
Found area constraint ratio of 100 (+ 5) on block ALU, actual ratio is 0.

Final Macro Processing ...

=========================================================================
Final Register Report

Found no macro
=========================================================================

=========================================================================
*                           Partition Report                            *
=========================================================================

Partition Implementation Status
-------------------------------

  No Partitions were found in this design.

-------------------------------

=========================================================================
*                            Design Summary                             *
=========================================================================

Top Level Output File Name         : ALU.ngc

Primitive and Black Box Usage:
------------------------------
# BELS                             : 76
#      GND                         : 1
#      LUT2                        : 16
#      LUT3                        : 1
#      LUT4                        : 1
#      LUT5                        : 2
#      LUT6                        : 15
#      MUXCY                       : 15
#      MUXF7                       : 8
#      VCC                         : 1
#      XORCY                       : 16
# IO Buffers                       : 29
#      IBUF                        : 19
#      OBUF                        : 10

Device utilization summary:
---------------------------

Selected Device : 7a100tcsg324-3 


Slice Logic Utilization: 
 Number of Slice LUTs:                   35  out of  63400     0%  
    Number used as Logic:                35  out of  63400     0%  

Slice Logic Distribution: 
 Number of LUT Flip Flop pairs used:     35
   Number with an unused Flip Flop:      35  out of     35   100%  
   Number with an unused LUT:             0  out of     35     0%  
   Number of fully used LUT-FF pairs:     0  out of     35     0%  
   Number of unique control sets:         0

IO Utilization: 
 Number of IOs:                          29
 Number of bonded IOBs:                  29  out of    210    13%  

Specific Feature Utilization:

---------------------------
Partition Resource Summary:
---------------------------

  No Partitions were found in this design.

---------------------------


=========================================================================
Timing Report

NOTE: THESE TIMING NUMBERS ARE ONLY A SYNTHESIS ESTIMATE.
      FOR ACCURATE TIMING INFORMATION PLEASE REFER TO THE TRACE REPORT
      GENERATED AFTER PLACE-and-ROUTE.

Clock Information:
------------------
No clock signals found in this design

Asynchronous Control Signals Information:
----------------------------------------
No asynchronous control signals found in this design

Timing Summary:
---------------
Speed Grade: -3

   Minimum period: No path found
   Minimum input arrival time before clock: No path found
   Maximum output required time after clock: No path found
   Maximum combinational path delay: 3.584ns

Timing Details:
---------------
All values displayed in nanoseconds (ns)

=========================================================================
Timing constraint: Default path analysis
  Total number of paths / destination ports: 599 / 10
-------------------------------------------------------------------------
Delay:               3.584ns (Levels of Logic = 10)
  Source:            A<0> (PAD)
  Destination:       Zero (PAD)

  Data Path: A<0> to Zero
                                Gate     Net
    Cell:in->out      fanout   Delay   Delay  Logical Name (Net Name)
    ----------------------------------------  ------------
     IBUF:I->O             5   0.001   0.398  A_0_IBUF (A_0_IBUF)
     LUT2:I0->O            1   0.097   0.000  Msub_A[7]_B[7]_sub_2_OUT_lut<0> (Msub_A[7]_B[7]_sub_2_OUT_lut<0>)
     MUXCY:S->O            1   0.353   0.000  Msub_A[7]_B[7]_sub_2_OUT_cy<0> (Msub_A[7]_B[7]_sub_2_OUT_cy<0>)
     MUXCY:CI->O           1   0.023   0.000  Msub_A[7]_B[7]_sub_2_OUT_cy<1> (Msub_A[7]_B[7]_sub_2_OUT_cy<1>)
     XORCY:CI->O           1   0.370   0.683  Msub_A[7]_B[7]_sub_2_OUT_xor<2> (A[7]_B[7]_sub_2_OUT<2>)
     LUT6:I1->O            1   0.097   0.000  Mmux_ALU_Out_41 (Mmux_ALU_Out_41)
     MUXF7:I0->O           2   0.277   0.515  Mmux_ALU_Out_2_f7_0 (ALU_Out_2_OBUF)
     LUT3:I0->O            1   0.097   0.295  Zero<7>_SW0 (N4)
     LUT6:I5->O            1   0.097   0.279  Zero<7> (Zero_OBUF)
     OBUF:I->O                 0.000          Zero_OBUF (Zero)
    ----------------------------------------
    Total                      3.584ns (1.412ns logic, 2.172ns route)
                                       (39.4% logic, 60.6% route)

=========================================================================

Cross Clock Domains Report:
--------------------------

=========================================================================


Total REAL time to Xst completion: 7.00 secs
Total CPU time to Xst completion: 1.38 secs
 
--> 


Total memory usage is 592988 kilobytes

Number of errors   :    0 (   0 filtered)
Number of warnings :    0 (   0 filtered)
Number of infos    :    0 (   0 filtered)

