ISim log file
Running: /home/ise/VLSI_LAB/ALUDesign/tb_ALU_isim_beh.exe -intstyle ise -gui -tclbatch isim.cmd -wdb /home/ise/VLSI_LAB/ALUDesign/tb_ALU_isim_beh.wdb 
ISim P.20131013 (signature 0xfbc00daa)
----------------------------------------------------------------------
INFO:Security:61 - The XILINXD_LICENSE_FILE environment variable is not set.
INFO:Security:63 - The LM_LICENSE_FILE environment variable is not set.
INFO:Security:68 - For more information or for assistance in obtaining 
 a license, please run the Xilinx License Configuration Manager
       (xlcm or "Manage Xilinx Licenses".)
INFO:Security:68a - user is ise, on host localhost.localdomain.
INFO:Security:15 - A feature for ISIM was found but is for the wrong hostid.
ERROR:Security:14 - No feature was available for 'ISIM'.

Invalid host.
 The hostid of this system does not match the hostid
 specified in the license file.
Feature:       ISIM
Hostid:        08002768c935
License path:  /home/ise/.Xilinx/Xilinx.lic:/opt/Xilinx/14.7/ISE_DS/ISE//data/*.lic:/opt/Xilinx/14.7/ISE_DS/ISE//coregen/core_licenses/Xilinx.lic:/opt/Xilinx/14.7/ISE_DS/ISE//coregen/core_licenses/XilinxFree.lic:/opt/Xilinx/14.7/ISE_DS/EDK/data/core_licenses/Xilinx.lic:
FLEXnet Licensing error:-9,57
For further information, refer to the FLEXnet Licensing documentation,
available at "www.flexerasoftware.com".
----------------------------------------------------------------------
WARNING: A full ISim License cannot be checked out due to the issues listed above. Please use Xilinx License Configuration Manager to fix these issues in order to check out a full ISim license.
WARNING: ISim will run in Lite mode. Please refer to the ISim documentation for more information on the differences between the Lite and the Full version.
This is a Lite version of ISim.
Time resolution is 1 ps
# onerror resume
# wave add /
# run 1000 ns
Simulator is doing circuit initialization process.
Time	 A 	 B 	 Sel	 Out	 C_out	 Zero
Finished circuit initialization process.
0	   0	   0	 000	   0	 0	 1
100000	  15	  10	 000	  25	 0	 0
120000	 250	  10	 000	   4	 1	 0
140000	  45	  15	 001	  30	 0	 0
160000	  50	  50	 001	   0	 0	 1
180000	 170	 204	 010	 136	 0	 0
200000	 170	 204	 011	 238	 0	 0
220000	 240	  85	 100	 165	 0	 0
240000	  15	   0	 110	  30	 0	 0
Simulation finished.
Stopped at time : 280 ns : File "/home/ise/VLSI_LAB/ALUDesign/ALUU.v" Line 60
# exit 0
