Command line:
   full_adder_8bit_tb_isim_beh.exe
     -simmode  gui
     -simrunnum  0
     -socket  34263

Sat Oct  3 20:54:48 2026


 Elaboration Time: 0.04 sec

 Current Memory Usage: 215.241 Meg

 Total Signals          : 61
 Total Nets             : 46
 Total Signal Drivers   : 24
 Total Blocks           : 11
 Total Primitive Blocks : 9
 Total Processes        : 26
 Total Traceable Variables  : 21
 Total Scalar Nets and Variables : 143
Total Line Count : 40

 Total Simulation Time: 0.05 sec

 Current Memory Usage: 292.839 Meg

Sat Oct  3 20:56:47 2026

