Command line:
   full_adder_8bit_isim_beh.exe
     -simmode  gui
     -simrunnum  0
     -socket  44688

Sat Oct  3 20:49:18 2026


 Elaboration Time: 0.04 sec

 Current Memory Usage: 215.233 Meg

 Total Signals          : 59
 Total Nets             : 46
 Total Signal Drivers   : 21
 Total Blocks           : 10
 Total Primitive Blocks : 9
 Total Processes        : 22
 Total Traceable Variables  : 18
 Total Scalar Nets and Variables : 126
Total Line Count : 30

 Total Simulation Time: 0.04 sec

 Current Memory Usage: 292.831 Meg

Sat Oct  3 20:50:08 2026

