Command line:
   full_adder_tb_isim_beh.exe
     -simmode  gui
     -simrunnum  0
     -socket  54472

Sat Oct  3 20:15:08 2026


 Elaboration Time: 0.08 sec

 Current Memory Usage: 215.233 Meg

 Total Signals          : 20
 Total Nets             : 18
 Total Signal Drivers   : 10
 Total Blocks           : 3
 Total Primitive Blocks : 2
 Total Processes        : 12
 Total Traceable Variables  : 21
 Total Scalar Nets and Variables : 101
Total Line Count : 34

 Total Simulation Time: 0.09 sec

 Current Memory Usage: 292.831 Meg

Sat Oct  3 20:15:41 2026

